0.809714382651 0.49178160567 0.348941 0.248545805306 0.877200725769 0.542301627396 1.38297500423 -0.404570351063 0.415622449846 0.356543284962 0.241791402242 0.0970122246836 0.37163021513 0.317909445896 1.10206749594 -0.0160879185972 0.228562976121 1.58956353563 1.70811780818 0.387282548181 0.998052766877 0.106023438117 