0.800578195612 0.484709756694 0.348941 0.25185077831 0.876651602496 0.545516045024 1.3830145748 -0.478940736515 0.409729684806 0.360342789963 0.247960326968 0.110585902018 0.377744166747 0.313298196153 1.08579431271 0.00327634961079 0.214788955094 1.62988326011 1.84397619794 0.38741333606 0.998048173023 0.105670422145 55 